airport GTM
airport DUB
BUD: no such airport ID
DUB Dublin Ireland 0
GTM Gotham City UnitedStates 0
