airport LIS
airport OPO
airport FAO
TP12 LIS OPO 23-03-2022 10:00
TP222 LIS OPO 24-03-2022 10:00
TP12 LIS OPO 24-03-2022 11:00
TP333 FAO OPO 25-03-2022 22:00
TP444 LIS OPO 25-03-2022 23:00
TP222 LIS OPO 24-03-2022 10:00
TP333 FAO OPO 25-03-2022 22:00
TP444 LIS OPO 25-03-2022 23:00
