airport LIS
airport OPO
airport FAO
TP333: flight does not exist
