invalid airport ID
invalid airport ID
airport LND
invalid airport ID
