airport LIS
airport OPO
invalid duration
invalid date
