airport LIS
airport GTM
LSI: no such airport ID
airport JFK
