airport LIS
airport FAO
too many reservations
GT3GT3GT33 6
GT4GT4GT44 4
TP12 LIS FAO 23-03-2022 11:00
GT4GT4GT44 4
TP12 LIS FAO 23-03-2022 11:00
